Microchip Technology Inc, v1.32 (B)

Tool Name:
  /opt/microchip/xc16/v1.32/bin/bin/../bin/elf-ld

Command:
  -p24F16KA101 \
  -o \
  dist/default/production/SenseCap.X.production.elf \
  -L/opt/microchip/xc16/v1.32/bin/bin/.. \
  -L/opt/microchip/xc16/v1.32/bin/bin/../../lib \
  -L/opt/microchip/xc16/v1.32/bin/bin/../../support/PIC24E/gld \
  -L/opt/microchip/xc16/v1.32/bin/bin/../../support/PIC24F/gld \
  -L/opt/microchip/xc16/v1.32/bin/bin/../../support/PIC24H/gld \
  -L/opt/microchip/xc16/v1.32/bin/bin/../../support/dsPIC30F/gld \
  -L/opt/microchip/xc16/v1.32/bin/bin/../../support/dsPIC33E/gld \
  -L/opt/microchip/xc16/v1.32/bin/bin/../../support/dsPIC33F/gld \
  build/default/production/ADC.o \
  build/default/production/ChangeClk.o \
  build/default/production/main.o \
  build/default/production/SenseCapApp.o \
  build/default/production/Timer2.o \
  build/default/production/UART.o \
  build/default/production/Comparator.o \
  build/default/production/Timer1.o \
  build/default/production/CVref.o \
  --defsym=__MPLAB_BUILD=1 \
  -Tp24F16KA101.gld.00 \
  --stack=16 \
  --check-sections \
  --data-init \
  --pack-data \
  --handles \
  --isr \
  --no-gc-sections \
  --fill-upper=0 \
  --stackguard=16 \
  --no-force-link \
  --smart-io \
  -Map=dist/default/production/SenseCap.X.production.map \
  --report-mem \
  --memorysummary \
  dist/default/production/memoryfile.xml \
  -start-group \
  --library=lega-pic30-elf \
  --library=m-elf \
  --library=lega-c-elf \
  -end-group \


Optional library libpPIC24Fxxx.a not found
Archive member included because of file (symbol)

/opt/microchip/xc16/v1.32/bin/bin/../../lib/liblega-pic30-elf.a(crt0_standard.o)
                              (__resetPRI)
/opt/microchip/xc16/v1.32/bin/bin/../../lib/liblega-pic30-elf.a(data_init_standard.o)
                              /opt/microchip/xc16/v1.32/bin/bin/../../lib/liblega-pic30-elf.a(crt0_standard.o) (__data_init_standard)
/opt/microchip/xc16/v1.32/bin/bin/../../lib/liblega-pic30-elf.a(crt_start_mode_normal.Leo)
                              (__crt_start_mode_normal)
/opt/microchip/xc16/v1.32/bin/bin/../../lib/libm-elf.a(addsf3.eo)
                              build/default/production/SenseCapApp.o (___subsf3)
/opt/microchip/xc16/v1.32/bin/bin/../../lib/libm-elf.a(divsf3.eo)
                              build/default/production/SenseCapApp.o (___divsf3)
/opt/microchip/xc16/v1.32/bin/bin/../../lib/libm-elf.a(feqltle.eo)
                              build/default/production/CVref.o (___ltsf2)
/opt/microchip/xc16/v1.32/bin/bin/../../lib/libm-elf.a(fgtge.eo)
                              build/default/production/SenseCapApp.o (___gtsf2)
/opt/microchip/xc16/v1.32/bin/bin/../../lib/libm-elf.a(fixunssfsi.eo)
                              build/default/production/CVref.o (___fixunssfsi)
/opt/microchip/xc16/v1.32/bin/bin/../../lib/libm-elf.a(floatunsisf.eo)
                              build/default/production/ADC.o (___floatunsisf)
/opt/microchip/xc16/v1.32/bin/bin/../../lib/libm-elf.a(fpack.eo)
                              /opt/microchip/xc16/v1.32/bin/bin/../../lib/libm-elf.a(addsf3.eo) (__fpack)
/opt/microchip/xc16/v1.32/bin/bin/../../lib/libm-elf.a(funpack.eo)
                              /opt/microchip/xc16/v1.32/bin/bin/../../lib/libm-elf.a(fixunssfsi.eo) (__funpack)
/opt/microchip/xc16/v1.32/bin/bin/../../lib/libm-elf.a(funpack2.eo)
                              /opt/microchip/xc16/v1.32/bin/bin/../../lib/libm-elf.a(addsf3.eo) (__funpack2)
/opt/microchip/xc16/v1.32/bin/bin/../../lib/libm-elf.a(futil.eo)
                              /opt/microchip/xc16/v1.32/bin/bin/../../lib/libm-elf.a(addsf3.eo) (__fPropagateNaN)
/opt/microchip/xc16/v1.32/bin/bin/../../lib/libm-elf.a(mulsf3.eo)
                              build/default/production/ADC.o (___mulsf3)
/opt/microchip/xc16/v1.32/bin/bin/../../lib/libm-elf.a(fcompare.eo)
                              /opt/microchip/xc16/v1.32/bin/bin/../../lib/libm-elf.a(feqltle.eo) (__fcompare)
/opt/microchip/xc16/v1.32/bin/bin/../../lib/libm-elf.a(floatundisf.eo)
                              /opt/microchip/xc16/v1.32/bin/bin/../../lib/libm-elf.a(floatunsisf.eo) (___floatundisf)
/opt/microchip/xc16/v1.32/bin/bin/../../lib/liblega-c-elf.a(strlen.XX_eo)
                              build/default/production/UART.o (_strlen)
/opt/microchip/xc16/v1.32/bin/bin/../../lib/liblega-c-elf.a(sprintf_fFs.XXeo)
                              build/default/production/main.o (__sprintf_fFs)
/opt/microchip/xc16/v1.32/bin/bin/../../lib/liblega-c-elf.a(xprintf_fFs.XXeo)
                              /opt/microchip/xc16/v1.32/bin/bin/../../lib/liblega-c-elf.a(sprintf_fFs.XXeo) (___Printf_fFs)
/opt/microchip/xc16/v1.32/bin/bin/../../lib/liblega-c-elf.a(xputfld_fFs.XXeo)
                              /opt/microchip/xc16/v1.32/bin/bin/../../lib/liblega-c-elf.a(xprintf_fFs.XXeo) (___Putfld_fFs)
/opt/microchip/xc16/v1.32/bin/bin/../../lib/liblega-c-elf.a(xldtob_fFs.XXeo)
                              /opt/microchip/xc16/v1.32/bin/bin/../../lib/liblega-c-elf.a(xputfld_fFs.XXeo) (___Ldtob_fFs)
/opt/microchip/xc16/v1.32/bin/bin/../../lib/liblega-c-elf.a(xgenld_fFs.XXeo)
                              /opt/microchip/xc16/v1.32/bin/bin/../../lib/liblega-c-elf.a(xldtob_fFs.XXeo) (___Genld_fFs)
/opt/microchip/xc16/v1.32/bin/bin/../../lib/liblega-c-elf.a(div.XX_eo)
                              /opt/microchip/xc16/v1.32/bin/bin/../../lib/liblega-c-elf.a(xgenld_fFs.XXeo) (_div)
/opt/microchip/xc16/v1.32/bin/bin/../../lib/liblega-c-elf.a(ldiv.XX_eo)
                              /opt/microchip/xc16/v1.32/bin/bin/../../lib/liblega-c-elf.a(xldtob_fFs.XXeo) (_ldiv)
/opt/microchip/xc16/v1.32/bin/bin/../../lib/liblega-c-elf.a(memchr.XX_eo)
                              /opt/microchip/xc16/v1.32/bin/bin/../../lib/liblega-c-elf.a(xputfld_fFs.XXeo) (_memchr)
/opt/microchip/xc16/v1.32/bin/bin/../../lib/liblega-c-elf.a(memcpy.XX_eo)
                              /opt/microchip/xc16/v1.32/bin/bin/../../lib/liblega-c-elf.a(sprintf_fFs.XXeo) (_memcpy)
/opt/microchip/xc16/v1.32/bin/bin/../../lib/liblega-c-elf.a(strchr.XX_eo)
                              /opt/microchip/xc16/v1.32/bin/bin/../../lib/liblega-c-elf.a(xprintf_fFs.XXeo) (_strchr)
/opt/microchip/xc16/v1.32/bin/bin/../../lib/liblega-c-elf.a(xldunsca.XX_eo)
                              /opt/microchip/xc16/v1.32/bin/bin/../../lib/liblega-c-elf.a(xldtob_fFs.XXeo) (__LDunscale)
/opt/microchip/xc16/v1.32/bin/bin/../../lib/liblega-c-elf.a(xputtxt.XX_eo)
                              /opt/microchip/xc16/v1.32/bin/bin/../../lib/liblega-c-elf.a(xprintf_fFs.XXeo) (__Puttxt)
/opt/microchip/xc16/v1.32/bin/bin/../../lib/liblega-c-elf.a(xvacopy.XX_eo)
                              /opt/microchip/xc16/v1.32/bin/bin/../../lib/liblega-c-elf.a(xprintf_fFs.XXeo) (__Vacopy)
/opt/microchip/xc16/v1.32/bin/bin/../../lib/liblega-c-elf.a(xdnorm.XX_elo)
                              /opt/microchip/xc16/v1.32/bin/bin/../../lib/liblega-c-elf.a(xldunsca.XX_eo) (__Dnorm)
/opt/microchip/xc16/v1.32/bin/bin/../../lib/libm-elf.a(deqltle.eo)
                              /opt/microchip/xc16/v1.32/bin/bin/../../lib/liblega-c-elf.a(xldtob_fFs.XXeo) (___ltdf2)
/opt/microchip/xc16/v1.32/bin/bin/../../lib/libm-elf.a(dgtge.eo)
                              /opt/microchip/xc16/v1.32/bin/bin/../../lib/liblega-c-elf.a(xldtob_fFs.XXeo) (___gtdf2)
/opt/microchip/xc16/v1.32/bin/bin/../../lib/libm-elf.a(divdf3.eo)
                              /opt/microchip/xc16/v1.32/bin/bin/../../lib/liblega-c-elf.a(xldtob_fFs.XXeo) (___divdf3)
/opt/microchip/xc16/v1.32/bin/bin/../../lib/libm-elf.a(divsi3.eo)
                              /opt/microchip/xc16/v1.32/bin/bin/../../lib/liblega-c-elf.a(xldtob_fFs.XXeo) (___divsi3)
/opt/microchip/xc16/v1.32/bin/bin/../../lib/libm-elf.a(dpack.eo)
                              /opt/microchip/xc16/v1.32/bin/bin/../../lib/libm-elf.a(divdf3.eo) (__dpack)
/opt/microchip/xc16/v1.32/bin/bin/../../lib/libm-elf.a(dunpack2.eo)
                              /opt/microchip/xc16/v1.32/bin/bin/../../lib/libm-elf.a(divdf3.eo) (__dunpack2)
/opt/microchip/xc16/v1.32/bin/bin/../../lib/libm-elf.a(extendsfdf.eo)
                              /opt/microchip/xc16/v1.32/bin/bin/../../lib/liblega-c-elf.a(xputfld_fFs.XXeo) (___extendsfdf2)
/opt/microchip/xc16/v1.32/bin/bin/../../lib/libm-elf.a(fixdfsi.eo)
                              /opt/microchip/xc16/v1.32/bin/bin/../../lib/liblega-c-elf.a(xldtob_fFs.XXeo) (_(float, int, long long, double, float, short, int))
/opt/microchip/xc16/v1.32/bin/bin/../../lib/libm-elf.a(floatsidf.eo)
                              /opt/microchip/xc16/v1.32/bin/bin/../../lib/liblega-c-elf.a(xldtob_fFs.XXeo) (___floatsidf)
/opt/microchip/xc16/v1.32/bin/bin/../../lib/libm-elf.a(muldf3.eo)
                              /opt/microchip/xc16/v1.32/bin/bin/../../lib/liblega-c-elf.a(xldtob_fFs.XXeo) (___muldf3)
/opt/microchip/xc16/v1.32/bin/bin/../../lib/libm-elf.a(subdf3.eo)
                              /opt/microchip/xc16/v1.32/bin/bin/../../lib/liblega-c-elf.a(xldtob_fFs.XXeo) (___subdf3)
/opt/microchip/xc16/v1.32/bin/bin/../../lib/libm-elf.a(udivsi3.eo)
                              /opt/microchip/xc16/v1.32/bin/bin/../../lib/libm-elf.a(divsi3.eo) (___udivsi3)
/opt/microchip/xc16/v1.32/bin/bin/../../lib/libm-elf.a(mulsi3.eo)
                              /opt/microchip/xc16/v1.32/bin/bin/../../lib/liblega-c-elf.a(ldiv.XX_eo) (___mulsi3)
/opt/microchip/xc16/v1.32/bin/bin/../../lib/libm-elf.a(adddf3.eo)
                              /opt/microchip/xc16/v1.32/bin/bin/../../lib/libm-elf.a(subdf3.eo) (___adddf3)
/opt/microchip/xc16/v1.32/bin/bin/../../lib/libm-elf.a(dcompare.eo)
                              /opt/microchip/xc16/v1.32/bin/bin/../../lib/libm-elf.a(deqltle.eo) (__dcompare)
/opt/microchip/xc16/v1.32/bin/bin/../../lib/libm-elf.a(dpropagateNaN.eo)
                              /opt/microchip/xc16/v1.32/bin/bin/../../lib/libm-elf.a(dunpack2.eo) (__dPropagateNaN)
/opt/microchip/xc16/v1.32/bin/bin/../../lib/libm-elf.a(dtype.eo)
                              /opt/microchip/xc16/v1.32/bin/bin/../../lib/libm-elf.a(dcompare.eo) (__dtype)
/opt/microchip/xc16/v1.32/bin/bin/../../lib/libm-elf.a(dunpack.eo)
                              /opt/microchip/xc16/v1.32/bin/bin/../../lib/libm-elf.a(dunpack2.eo) (__dunpack)
/opt/microchip/xc16/v1.32/bin/bin/../../lib/libm-elf.a(floatdidf.eo)
                              /opt/microchip/xc16/v1.32/bin/bin/../../lib/libm-elf.a(floatsidf.eo) (___floatdidf)
/opt/microchip/xc16/v1.32/bin/bin/../../lib/libm-elf.a(floatundidf.eo)
                              /opt/microchip/xc16/v1.32/bin/bin/../../lib/libm-elf.a(floatdidf.eo) (___floatundidf)


Selected CodeGuard Options:
  FGS:GWRP:OFF
  FGS:GCP:OFF
  FBS:BWRP:OFF
  FBS:BSS:OFF

CodeGuard FLASH Memory:
  boot    (none)
  secure  (none)
  general 0x200 to 0x2bfe

CodeGuard RAM Memory:
  general 0x800 to 0xdff
  secure  (none)
  boot    (none)

CodeGuard EEPROM Memory:
  general 0x7ffe00 to 0x7fffff
  secure  (none)
  boot    (none)


xc16-ld 1.32 (B)

Program Memory  [Origin = 0x200, Length = 0x2a00]

section                    address   length (PC units)   length (bytes) (dec)
-------                    -------   -----------------   --------------------
.text                        0x200              0x13b2          0x1d8b  (7563)
.const                      0x15b2                0x3e            0x5d  (93)
.text                       0x15f0               0x50a           0x78f  (1935)
.dinit                      0x1afa                0x7c            0xba  (186)
.text                       0x1b76               0x14a           0x1ef  (495)

                 Total program memory used (bytes):         0x2820  (10272) 63%


Ivt Memory  [Origin = 0x4, Length = 0xfc]

section                    address   length (PC units)   length (bytes) (dec)
-------                    -------   -----------------   --------------------
.ivt._T1Interrupt             0x1a                 0x2             0x3  (3)
.ivt._T3Interrupt             0x24                 0x2             0x3  (3)
.ivt._ADC1Interrupt           0x2e                 0x2             0x3  (3)
.ivt._CompInterrupt           0x38                 0x2             0x3  (3)
.ivt._U2RXInterrupt           0x50                 0x2             0x3  (3)
.ivt._U2TXInterrupt           0x52                 0x2             0x3  (3)


Data Memory  [Origin = 0x800, Length = 0x600]

section                    address      alignment gaps    total length  (dec)
-------                    -------      --------------    -------------------
.nbss                        0x800                   0            0x12  (18)
.data                        0x812                   0            0x74  (116)

                 Total data memory used (bytes):           0x86  (134) 8%


Dynamic Memory Usage

region                     address                      maximum length  (dec)
------                     -------                      ---------------------
heap                             0                                   0  (0)
stack                        0x886                               0x57a  (1402)

                 Maximum dynamic memory (bytes):          0x57a  (1402)


External Symbols in Data Memory (by address):

                    0x0800                  _small_current
                    0x0802                  _units
                    0x0806                  _Time
                    0x080a                  _CompFlag
                    0x080c                  _temp
                    0x080e                  _i
                    0x0810                  _clkval

External Symbols in Data Memory (by name):

                    0x080a                  _CompFlag
                    0x0806                  _Time
                    0x0810                  _clkval
                    0x080e                  _i
                    0x0800                  _small_current
                    0x080c                  _temp
                    0x0802                  _units

External Symbols in Program Memory (by address):

                  0x000200                  __resetPRI
                  0x00023c                  __psv_init
                  0x000252                  __data_init
                  0x000252                  __data_init_standard
                  0x0002cc                  __ADC1Interrupt
                  0x0002d6                  __T3Interrupt
                  0x0002f8                  __U2RXInterrupt
                  0x000300                  __U2TXInterrupt
                  0x000308                  __CompInterrupt
                  0x00034c                  __T1Interrupt
                  0x00035a                  __DefaultInterrupt
                  0x000360                  ___subsf3
                  0x000362                  ___addsf3
                  0x00041c                  ___divsf3
                  0x0004a0                  ___lesf2
                  0x0004a0                  ___eqsf2
                  0x0004a0                  ___ltsf2
                  0x0004a4                  ___gtsf2
                  0x0004a4                  ___gesf2
                  0x0004a8                  ___fixunssfsi
                  0x0004de                  ___floatunsisf
                  0x0004e2                  __fpack
                  0x00052e                  __funpack
                  0x000558                  __funpack2
                  0x000568                  __fPropagateNaN
                  0x00057a                  __fbopExit
                  0x000582                  __fbopReturnNaN
                  0x000588                  ___mulsf3
                  0x0005f0                  __fcompare
                  0x000626                  ___floatundisf
                  0x000684                  _strlen
                  0x000690                  sprintf_fFs.XXeo:_prout
                  0x00069e                  __sprintf_fFs
                  0x0006bc                  ___Printf_fFs
                  0x000820                  ___Putfld_fFs
                  0x0008fc                  ___Ldtob_fFs
                  0x000b4c                  ___Genld_fFs
                  0x000d54                  _div
                  0x000d6a                  _ldiv
                  0x000d94                  _memchr
                  0x000da8                  _memcpy
                  0x000db6                  _strchr
                  0x000dce                  __LDunscale
                  0x000e22                  __Puttxt
                  0x000f9a                  __Vacopy
                  0x000f9e                  __Dnorm
                  0x001036                  ___ledf2
                  0x001036                  ___eqdf2
                  0x001036                  ___ltdf2
                  0x001040                  ___gedf2
                  0x001040                  ___gtdf2
                  0x00104a                  ___divdf3
                  0x0010fe                  ___divsi3
                  0x00111c                  __dpack
                  0x001174                  __dunpack2
                  0x001196                  __dreturnNaN
                  0x00119c                  __dunpack2exit
                  0x0011a6                  ___extendsfdf2
                  0x0011e4                  ___fixdfsi
                  0x00123c                  ___floatsidf
                  0x001244                  ___muldf3
                  0x001330                  ___subdf3
                  0x001334                  ___udivsi3
                  0x001354                  ___mulp32eds3
                  0x001354                  ___mulp32peds3
                  0x001354                  ___mulsi3
                  0x001360                  ___adddf3
                  0x00145c                  __dcompare
                  0x0014ae                  __dPropagateNaN
                  0x0014ca                  __dtype
                  0x0014ee                  __dunpack
                  0x00153c                  ___floatdidf
                  0x00155c                  ___floatundidf
                  0x0015f0                  _InitUART2
                  0x001658                  _XmitUART2
                  0x001694                  _DispHex
                  0x0016f2                  _DispHex32
                  0x001760                  _DispDec
                  0x001768                  _DispString
                  0x00178a                  _CVREFInit
                  0x001918                  _CTMUInit
                  0x001944                  _CurrentSourceOn
                  0x00197c                  _CurrentSourceOff
                  0x001986                  _findCapacitance
                  0x001a6c                  _main
                  0x001b76                  _NewClk
                  0x001bea                  _InitADC
                  0x001c06                  _do_ADC
                  0x001c14                  _ADC_to_Float
                  0x001c28                  _InitTimer1
                  0x001c4a                  _delay_ms
                  0x001c66                  _ComparatorInit
                  0x001ca0                  _InitTimer23
                  0xf80000                  __FBS.sec
                  0xf80004                  __FGS.sec

External Symbols in Program Memory (by name):

                  0x001c14                  _ADC_to_Float
                  0x001918                  _CTMUInit
                  0x00178a                  _CVREFInit
                  0x001c66                  _ComparatorInit
                  0x00197c                  _CurrentSourceOff
                  0x001944                  _CurrentSourceOn
                  0x001760                  _DispDec
                  0x001694                  _DispHex
                  0x0016f2                  _DispHex32
                  0x001768                  _DispString
                  0x001bea                  _InitADC
                  0x001c28                  _InitTimer1
                  0x001ca0                  _InitTimer23
                  0x0015f0                  _InitUART2
                  0x001b76                  _NewClk
                  0x001658                  _XmitUART2
                  0x0002cc                  __ADC1Interrupt
                  0x000308                  __CompInterrupt
                  0x00035a                  __DefaultInterrupt
                  0x000f9e                  __Dnorm
                  0xf80000                  __FBS.sec
                  0xf80004                  __FGS.sec
                  0x000dce                  __LDunscale
                  0x000e22                  __Puttxt
                  0x00034c                  __T1Interrupt
                  0x0002d6                  __T3Interrupt
                  0x0002f8                  __U2RXInterrupt
                  0x000300                  __U2TXInterrupt
                  0x000f9a                  __Vacopy
                  0x000b4c                  ___Genld_fFs
                  0x0008fc                  ___Ldtob_fFs
                  0x0006bc                  ___Printf_fFs
                  0x000820                  ___Putfld_fFs
                  0x001360                  ___adddf3
                  0x000362                  ___addsf3
                  0x00104a                  ___divdf3
                  0x00041c                  ___divsf3
                  0x0010fe                  ___divsi3
                  0x001036                  ___eqdf2
                  0x0004a0                  ___eqsf2
                  0x0011a6                  ___extendsfdf2
                  0x0011e4                  ___fixdfsi
                  0x0004a8                  ___fixunssfsi
                  0x00153c                  ___floatdidf
                  0x00123c                  ___floatsidf
                  0x00155c                  ___floatundidf
                  0x000626                  ___floatundisf
                  0x0004de                  ___floatunsisf
                  0x001040                  ___gedf2
                  0x0004a4                  ___gesf2
                  0x001040                  ___gtdf2
                  0x0004a4                  ___gtsf2
                  0x001036                  ___ledf2
                  0x0004a0                  ___lesf2
                  0x001036                  ___ltdf2
                  0x0004a0                  ___ltsf2
                  0x001244                  ___muldf3
                  0x001354                  ___mulp32eds3
                  0x001354                  ___mulp32peds3
                  0x000588                  ___mulsf3
                  0x001354                  ___mulsi3
                  0x001330                  ___subdf3
                  0x000360                  ___subsf3
                  0x001334                  ___udivsi3
                  0x0014ae                  __dPropagateNaN
                  0x000252                  __data_init
                  0x000252                  __data_init_standard
                  0x00145c                  __dcompare
                  0x00111c                  __dpack
                  0x001196                  __dreturnNaN
                  0x0014ca                  __dtype
                  0x0014ee                  __dunpack
                  0x001174                  __dunpack2
                  0x00119c                  __dunpack2exit
                  0x000568                  __fPropagateNaN
                  0x00057a                  __fbopExit
                  0x000582                  __fbopReturnNaN
                  0x0005f0                  __fcompare
                  0x0004e2                  __fpack
                  0x00052e                  __funpack
                  0x000558                  __funpack2
                  0x00023c                  __psv_init
                  0x000200                  __resetPRI
                  0x00069e                  __sprintf_fFs
                  0x001c4a                  _delay_ms
                  0x000d54                  _div
                  0x001c06                  _do_ADC
                  0x001986                  _findCapacitance
                  0x000d6a                  _ldiv
                  0x001a6c                  _main
                  0x000d94                  _memchr
                  0x000da8                  _memcpy
                  0x000db6                  _strchr
                  0x000684                  _strlen
                  0x000690                  sprintf_fFs.XXeo:_prout

Memory Configuration

Name             Origin             Length             Attributes
data             0x000800           0x000600           a !xr
reset            0x000000           0x000004  
ivt              0x000004           0x0000fc  
_reserved        0x000100           0x000004  
aivt             0x000104           0x0000fc  
program          0x000200           0x002a00           xr
eedata           0x7ffe00           0x000200  
FBS              0xf80000           0x000002  
FGS              0xf80004           0x000002  
FOSCSEL          0xf80006           0x000002  
FOSC             0xf80008           0x000002  
FWDT             0xf8000a           0x000002  
FPOR             0xf8000c           0x000002  
FICD             0xf8000e           0x000002  
FDS              0xf80010           0x000002  
*default*        0x000000           0xffffffff  

Linker script and memory map

LOAD build/default/production/ADC.o
LOAD build/default/production/ChangeClk.o
LOAD build/default/production/main.o
LOAD build/default/production/SenseCapApp.o
LOAD build/default/production/Timer2.o
LOAD build/default/production/UART.o
LOAD build/default/production/Comparator.o
LOAD build/default/production/Timer1.o
LOAD build/default/production/CVref.o
                    0x0001                  __MPLAB_BUILD = 0x1
LOAD pPIC24Fxxx
LOAD /opt/microchip/xc16/v1.32/bin/bin/../../lib/libfx-elf.a
                    0xf80000                  __FBS = 0xf80000
                    0xf80004                  __FGS = 0xf80004
                    0xf80006                  __FOSCSEL = 0xf80006
                    0xf80008                  __FOSC = 0xf80008
                    0xf8000a                  __FWDT = 0xf8000a
                    0xf8000c                  __FPOR = 0xf8000c
                    0xf8000e                  __FICD = 0xf8000e
                    0xf80010                  __FDS = 0xf80010
                    0x0001                  __NO_HANDLES = 0x1
                    0x0200                  __CODE_BASE = 0x200
                    0x2a00                  __CODE_LENGTH = 0x2a00
                    0x0004                  __IVT_BASE = 0x4
                    0x0104                  __AIVT_BASE = 0x104
                    0x0800                  __DATA_BASE = 0x800
                    0x0600                  __DATA_LENGTH = 0x600

.reset            0x000000          0x4
                  0x000000          0x2 SHORT 0x200 ABSOLUTE (__reset)
                  0x000001          0x2 SHORT 0x4
                  0x000002          0x2 SHORT 0x0 ((ABSOLUTE (__reset) >> 0x10) & 0x7f)
                  0x000003          0x2 SHORT 0x0

.text             0x000200       0x13b2
 *(.init)
 .init            0x000200         0x4c /opt/microchip/xc16/v1.32/bin/bin/../../lib/liblega-pic30-elf.a(crt0_standard.o)
                  0x000200                  __reset
                  0x000200                  __resetPRI
                  0x00023c                  __psv_init
 .init            0x00024c         0x7c /opt/microchip/xc16/v1.32/bin/bin/../../lib/liblega-pic30-elf.a(data_init_standard.o)
                  0x000252                  __data_init
                  0x000252                  __data_init_standard
 *(.user_init)
 *(.handle)
 *(.isr*)
 .isr.text        0x0002cc          0xa build/default/production/ADC.o
                  0x0002cc                  __ADC1Interrupt
 .isr.text        0x0002d6         0x22 build/default/production/Timer2.o
                  0x0002d6                  __T3Interrupt
 .isr.text        0x0002f8         0x10 build/default/production/UART.o
                  0x0002f8                  __U2RXInterrupt
                  0x000300                  __U2TXInterrupt
 .isr.text        0x000308         0x44 build/default/production/Comparator.o
                  0x000308                  __CompInterrupt
 .isr.text        0x00034c          0xe build/default/production/Timer1.o
                  0x00034c                  __T1Interrupt
 .isr             0x00035a          0x4 default_isr
                  0x00035a                  __DefaultInterrupt
 *(.libc)
 *(.libm)
 *(.libdsp)
 *(.lib*)
 .libpic30_crt_start_mode
                  0x00035e          0x2 /opt/microchip/xc16/v1.32/bin/bin/../../lib/liblega-pic30-elf.a(crt_start_mode_normal.Leo)
                  0x00035e                  __crt_start_mode_normal
                  0x00035e                  __crt_start_mode
 .libm.subsf3     0x000360         0xbc /opt/microchip/xc16/v1.32/bin/bin/../../lib/libm-elf.a(addsf3.eo)
                  0x000360                  ___subsf3
                  0x000362                  ___addsf3
 .libm.divfs3     0x00041c         0x84 /opt/microchip/xc16/v1.32/bin/bin/../../lib/libm-elf.a(divsf3.eo)
                  0x00041c                  ___divsf3
 .libm.eqsf2      0x0004a0          0x4 /opt/microchip/xc16/v1.32/bin/bin/../../lib/libm-elf.a(feqltle.eo)
                  0x0004a0                  ___lesf2
                  0x0004a0                  ___eqsf2
                  0x0004a0                  ___ltsf2
 .libm.gtsf2      0x0004a4          0x4 /opt/microchip/xc16/v1.32/bin/bin/../../lib/libm-elf.a(fgtge.eo)
                  0x0004a4                  ___gtsf2
                  0x0004a4                  ___gesf2
 .libm.fixunssfsi
                  0x0004a8         0x36 /opt/microchip/xc16/v1.32/bin/bin/../../lib/libm-elf.a(fixunssfsi.eo)
                  0x0004a8                  ___fixunssfsi
 .libm.floatunsisf
                  0x0004de          0x4 /opt/microchip/xc16/v1.32/bin/bin/../../lib/libm-elf.a(floatunsisf.eo)
                  0x0004de                  ___floatunsisf
 .libm.fpack      0x0004e2         0x4c /opt/microchip/xc16/v1.32/bin/bin/../../lib/libm-elf.a(fpack.eo)
                  0x0004e2                  __fpack
 .libm.funpack    0x00052e         0x2a /opt/microchip/xc16/v1.32/bin/bin/../../lib/libm-elf.a(funpack.eo)
                  0x00052e                  __funpack
 .libm.funpack2
                  0x000558         0x10 /opt/microchip/xc16/v1.32/bin/bin/../../lib/libm-elf.a(funpack2.eo)
                  0x000558                  __funpack2
 .libm.fPropagateNaN
                  0x000568         0x12 /opt/microchip/xc16/v1.32/bin/bin/../../lib/libm-elf.a(futil.eo)
                  0x000568                  __fPropagateNaN
 .libm.fbobExit
                  0x00057a          0x8 /opt/microchip/xc16/v1.32/bin/bin/../../lib/libm-elf.a(futil.eo)
                  0x00057a                  __fbopExit
 .libm.fbopReturnNaN
                  0x000582          0x6 /opt/microchip/xc16/v1.32/bin/bin/../../lib/libm-elf.a(futil.eo)
                  0x000582                  __fbopReturnNaN
 .libm.mulsf3     0x000588         0x68 /opt/microchip/xc16/v1.32/bin/bin/../../lib/libm-elf.a(mulsf3.eo)
                  0x000588                  ___mulsf3
 .libm.fcompare
                  0x0005f0         0x36 /opt/microchip/xc16/v1.32/bin/bin/../../lib/libm-elf.a(fcompare.eo)
                  0x0005f0                  __fcompare
 .libm.floatundisf
                  0x000626         0x5e /opt/microchip/xc16/v1.32/bin/bin/../../lib/libm-elf.a(floatundisf.eo)
                  0x000626                  ___floatundisf
 .libc.strlen     0x000684          0xc /opt/microchip/xc16/v1.32/bin/bin/../../lib/liblega-c-elf.a(strlen.XX_eo)
                  0x000684                  _strlen
 .libc.prout      0x000690          0xe /opt/microchip/xc16/v1.32/bin/bin/../../lib/liblega-c-elf.a(sprintf_fFs.XXeo)
                  0x000690                  sprintf_fFs.XXeo:_prout
 .libc._sprintf_fFs
                  0x00069e         0x1e /opt/microchip/xc16/v1.32/bin/bin/../../lib/liblega-c-elf.a(sprintf_fFs.XXeo)
                  0x00069e                  __sprintf_fFs
 .libc.__Printf_fFs
                  0x0006bc        0x164 /opt/microchip/xc16/v1.32/bin/bin/../../lib/liblega-c-elf.a(xprintf_fFs.XXeo)
                  0x0006bc                  ___Printf_fFs
 .libc.__Putfld_fFs
                  0x000820         0xdc /opt/microchip/xc16/v1.32/bin/bin/../../lib/liblega-c-elf.a(xputfld_fFs.XXeo)
                  0x000820                  ___Putfld_fFs
 .libc.__Ldtob_fFs
                  0x0008fc        0x250 /opt/microchip/xc16/v1.32/bin/bin/../../lib/liblega-c-elf.a(xldtob_fFs.XXeo)
                  0x0008fc                  ___Ldtob_fFs
 .libc.__Genld_fFs
                  0x000b4c        0x208 /opt/microchip/xc16/v1.32/bin/bin/../../lib/liblega-c-elf.a(xgenld_fFs.XXeo)
                  0x000b4c                  ___Genld_fFs
 .libc.div        0x000d54         0x16 /opt/microchip/xc16/v1.32/bin/bin/../../lib/liblega-c-elf.a(div.XX_eo)
                  0x000d54                  _div
 .libc.ldiv       0x000d6a         0x2a /opt/microchip/xc16/v1.32/bin/bin/../../lib/liblega-c-elf.a(ldiv.XX_eo)
                  0x000d6a                  _ldiv
 .libc.memchr     0x000d94         0x14 /opt/microchip/xc16/v1.32/bin/bin/../../lib/liblega-c-elf.a(memchr.XX_eo)
                  0x000d94                  _memchr
 .libc.memcpy     0x000da8          0xe /opt/microchip/xc16/v1.32/bin/bin/../../lib/liblega-c-elf.a(memcpy.XX_eo)
                  0x000da8                  _memcpy
 .libc.strchr     0x000db6         0x18 /opt/microchip/xc16/v1.32/bin/bin/../../lib/liblega-c-elf.a(strchr.XX_eo)
                  0x000db6                  _strchr
 .libc._LDunscale
                  0x000dce         0x54 /opt/microchip/xc16/v1.32/bin/bin/../../lib/liblega-c-elf.a(xldunsca.XX_eo)
                  0x000dce                  __LDunscale
 .libc._Puttxt    0x000e22        0x178 /opt/microchip/xc16/v1.32/bin/bin/../../lib/liblega-c-elf.a(xputtxt.XX_eo)
                  0x000e22                  __Puttxt
 .libc._Vacopy    0x000f9a          0x4 /opt/microchip/xc16/v1.32/bin/bin/../../lib/liblega-c-elf.a(xvacopy.XX_eo)
                  0x000f9a                  __Vacopy
 .libc._Dnorm     0x000f9e         0x98 /opt/microchip/xc16/v1.32/bin/bin/../../lib/liblega-c-elf.a(xdnorm.XX_elo)
                  0x000f9e                  __Dnorm
 .libm.eqdf2      0x001036          0xa /opt/microchip/xc16/v1.32/bin/bin/../../lib/libm-elf.a(deqltle.eo)
                  0x001036                  ___ledf2
                  0x001036                  ___eqdf2
                  0x001036                  ___ltdf2
 .libm.gtdf2      0x001040          0xa /opt/microchip/xc16/v1.32/bin/bin/../../lib/libm-elf.a(dgtge.eo)
                  0x001040                  ___gedf2
                  0x001040                  ___gtdf2
 .libm.divdf3     0x00104a         0xb4 /opt/microchip/xc16/v1.32/bin/bin/../../lib/libm-elf.a(divdf3.eo)
                  0x00104a                  ___divdf3
 .libm.divsi3     0x0010fe         0x1e /opt/microchip/xc16/v1.32/bin/bin/../../lib/libm-elf.a(divsi3.eo)
                  0x0010fe                  ___divsi3
 .libm.dpack      0x00111c         0x58 /opt/microchip/xc16/v1.32/bin/bin/../../lib/libm-elf.a(dpack.eo)
                  0x00111c                  __dpack
 .libm.dunpack2
                  0x001174         0x32 /opt/microchip/xc16/v1.32/bin/bin/../../lib/libm-elf.a(dunpack2.eo)
                  0x001174                  __dunpack2
                  0x001196                  __dreturnNaN
                  0x00119c                  __dunpack2exit
 .libm.extendsfdf2
                  0x0011a6         0x3e /opt/microchip/xc16/v1.32/bin/bin/../../lib/libm-elf.a(extendsfdf.eo)
                  0x0011a6                  ___extendsfdf2
 .libm.fixdfsi    0x0011e4         0x58 /opt/microchip/xc16/v1.32/bin/bin/../../lib/libm-elf.a(fixdfsi.eo)
                  0x0011e4                  _(float, int, long long, double, float, short, int)
 .libm.floatsidf
                  0x00123c          0x6 /opt/microchip/xc16/v1.32/bin/bin/../../lib/libm-elf.a(floatsidf.eo)
                  0x00123c                  ___floatsidf
 *fill*           0x001242          0x400
 .libm.muldf3     0x001244         0xec /opt/microchip/xc16/v1.32/bin/bin/../../lib/libm-elf.a(muldf3.eo)
                  0x001244                  ___muldf3
 .libm.subdf3     0x001330          0x4 /opt/microchip/xc16/v1.32/bin/bin/../../lib/libm-elf.a(subdf3.eo)
                  0x001330                  ___subdf3
 .libm.udivsi3    0x001334         0x20 /opt/microchip/xc16/v1.32/bin/bin/../../lib/libm-elf.a(udivsi3.eo)
                  0x001334                  ___udivsi3
 .libm.mulsi3     0x001354          0xc /opt/microchip/xc16/v1.32/bin/bin/../../lib/libm-elf.a(mulsi3.eo)
                  0x001354                  ___mulp32eds3
                  0x001354                  ___mulp32peds3
                  0x001354                  ___mulsi3
 .libm.adddf3     0x001360         0xfc /opt/microchip/xc16/v1.32/bin/bin/../../lib/libm-elf.a(adddf3.eo)
                  0x001360                  ___adddf3
 .libm.dcompare
                  0x00145c         0x52 /opt/microchip/xc16/v1.32/bin/bin/../../lib/libm-elf.a(dcompare.eo)
                  0x00145c                  __dcompare
 .libm.dPropagateNaN
                  0x0014ae         0x1c /opt/microchip/xc16/v1.32/bin/bin/../../lib/libm-elf.a(dpropagateNaN.eo)
                  0x0014ae                  __dPropagateNaN
 .libm.dtype      0x0014ca         0x24 /opt/microchip/xc16/v1.32/bin/bin/../../lib/libm-elf.a(dtype.eo)
                  0x0014ca                  __dtype
 .libm.dunpack    0x0014ee         0x4e /opt/microchip/xc16/v1.32/bin/bin/../../lib/libm-elf.a(dunpack.eo)
                  0x0014ee                  __dunpack
 .libm.floatdidf
                  0x00153c         0x20 /opt/microchip/xc16/v1.32/bin/bin/../../lib/libm-elf.a(floatdidf.eo)
                  0x00153c                  ___floatdidf
 .libm.floatundidf
                  0x00155c         0x56 /opt/microchip/xc16/v1.32/bin/bin/../../lib/libm-elf.a(floatundidf.eo)
                  0x00155c                  ___floatundidf

usercode
 *(usercode)

__FBS             0xf80000          0x2
 *(__FBS.sec*)
 __FBS.sec        0xf80000          0x2 FBS
                  0xf80000                  __FBS.sec

__FGS             0xf80004          0x2
 *(__FGS.sec*)
 __FGS.sec        0xf80004          0x2 FGS
                  0xf80004                  __FGS.sec

__FOSCSEL
 *(__FOSCSEL.sec*)

__FOSC
 *(__FOSC.sec*)

__FWDT
 *(__FWDT.sec*)

__FPOR
 *(__FPOR.sec*)

__FICD
 *(__FICD.sec*)

__FDS
 *(__FDS.sec*)

.comment
 *(.comment)

.debug_info       0x000000       0x4ced
 *(.debug_info)
 .debug_info      0x000000        0x948 build/default/production/ADC.o
 .debug_info      0x000948        0x4d1 build/default/production/ChangeClk.o
 .debug_info      0x000e19        0x88c build/default/production/main.o
 .debug_info      0x0016a5        0xbf6 build/default/production/SenseCapApp.o
 .debug_info      0x00229b        0x6cd build/default/production/Timer2.o
 .debug_info      0x002968        0xe13 build/default/production/UART.o
 .debug_info      0x00377b        0xc71 build/default/production/Comparator.o
 .debug_info      0x0043ec        0x6a0 build/default/production/Timer1.o
 .debug_info      0x004a8c        0x261 build/default/production/CVref.o
 *(.gnu.linkonce.wi.*)

.debug_abbrev     0x000000        0x8ee
 *(.debug_abbrev)
 .debug_abbrev    0x000000         0xde build/default/production/ADC.o
 .debug_abbrev    0x0000de        0x123 build/default/production/ChangeClk.o
 .debug_abbrev    0x000201         0xff build/default/production/main.o
 .debug_abbrev    0x000300        0x134 build/default/production/SenseCapApp.o
 .debug_abbrev    0x000434         0xc9 build/default/production/Timer2.o
 .debug_abbrev    0x0004fd        0x116 build/default/production/UART.o
 .debug_abbrev    0x000613        0x122 build/default/production/Comparator.o
 .debug_abbrev    0x000735         0xde build/default/production/Timer1.o
 .debug_abbrev    0x000813         0xdb build/default/production/CVref.o

.debug_line       0x000000        0x69c
 *(.debug_line)
 .debug_line      0x000000         0x9c build/default/production/ADC.o
 .debug_line      0x00009c         0x91 build/default/production/ChangeClk.o
 .debug_line      0x00012d         0xca build/default/production/main.o
 .debug_line      0x0001f7         0xe4 build/default/production/SenseCapApp.o
 .debug_line      0x0002db         0xc1 build/default/production/Timer2.o
 .debug_line      0x00039c         0xec build/default/production/UART.o
 .debug_line      0x000488         0xbe build/default/production/Comparator.o
 .debug_line      0x000546         0xa0 build/default/production/Timer1.o
 .debug_line      0x0005e6         0xb6 build/default/production/CVref.o

.debug_frame      0x000000        0x3c0
 *(.debug_frame)
 .debug_frame     0x000000         0x84 build/default/production/ADC.o
 .debug_frame     0x000084         0x30 build/default/production/ChangeClk.o
 .debug_frame     0x0000b4         0x3e build/default/production/main.o
 .debug_frame     0x0000f2         0x8a build/default/production/SenseCapApp.o
 .debug_frame     0x00017c         0x54 build/default/production/Timer2.o
 .debug_frame     0x0001d0         0xf4 build/default/production/UART.o
 .debug_frame     0x0002c4         0x5e build/default/production/Comparator.o
 .debug_frame     0x000322         0x68 build/default/production/Timer1.o
 .debug_frame     0x00038a         0x36 build/default/production/CVref.o

.debug_str        0x000000        0x239
 *(.debug_str)
 .debug_str       0x000000         0x57 build/default/production/ADC.o
 .debug_str       0x000057         0x16 build/default/production/ChangeClk.o
 .debug_str       0x00006d         0x4d build/default/production/main.o
 .debug_str       0x0000ba         0x62 build/default/production/SenseCapApp.o
 .debug_str       0x00011c         0x3c build/default/production/Timer2.o
 .debug_str       0x000158         0x57 build/default/production/UART.o
 .debug_str       0x0001af         0x5a build/default/production/Comparator.o
 .debug_str       0x000209         0x25 build/default/production/Timer1.o
 .debug_str       0x00022e          0xb build/default/production/CVref.o

.debug_loc
 *(.debug_loc)

.debug_macinfo
 *(.debug_macinfo)

.debug_pubnames
                  0x000000        0x280
 *(.debug_pubnames)
 .debug_pubnames
                  0x000000         0x4d build/default/production/ADC.o
 .debug_pubnames
                  0x00004d         0x1d build/default/production/ChangeClk.o
 .debug_pubnames
                  0x00006a         0x2a build/default/production/main.o
 .debug_pubnames
                  0x000094         0x78 build/default/production/SenseCapApp.o
 .debug_pubnames
                  0x00010c         0x33 build/default/production/Timer2.o
 .debug_pubnames
                  0x00013f         0x94 build/default/production/UART.o
 .debug_pubnames
                  0x0001d3         0x4e build/default/production/Comparator.o
 .debug_pubnames
                  0x000221         0x3f build/default/production/Timer1.o
 .debug_pubnames
                  0x000260         0x20 build/default/production/CVref.o

.debug_ranges
 *(.debug_ranges)

.debug_aranges    0x000000         0xd8
 *(.debug_aranges)
 .debug_aranges
                  0x000000         0x18 build/default/production/ADC.o
 .debug_aranges
                  0x000018         0x18 build/default/production/ChangeClk.o
 .debug_aranges
                  0x000030         0x18 build/default/production/main.o
 .debug_aranges
                  0x000048         0x18 build/default/production/SenseCapApp.o
 .debug_aranges
                  0x000060         0x18 build/default/production/Timer2.o
 .debug_aranges
                  0x000078         0x18 build/default/production/UART.o
 .debug_aranges
                  0x000090         0x18 build/default/production/Comparator.o
 .debug_aranges
                  0x0000a8         0x18 build/default/production/Timer1.o
 .debug_aranges
                  0x0000c0         0x18 build/default/production/CVref.o
                    0x0000                  WREG0 = 0x0
                    0x0000                  _WREG0 = 0x0
                    0x0002                  WREG1 = 0x2
                    0x0002                  _WREG1 = 0x2
                    0x0004                  WREG2 = 0x4
                    0x0004                  _WREG2 = 0x4
                    0x0006                  WREG3 = 0x6
                    0x0006                  _WREG3 = 0x6
                    0x0008                  WREG4 = 0x8
                    0x0008                  _WREG4 = 0x8
                    0x000a                  WREG5 = 0xa
                    0x000a                  _WREG5 = 0xa
                    0x000c                  WREG6 = 0xc
                    0x000c                  _WREG6 = 0xc
                    0x000e                  WREG7 = 0xe
                    0x000e                  _WREG7 = 0xe
                    0x0010                  WREG8 = 0x10
                    0x0010                  _WREG8 = 0x10
                    0x0012                  WREG9 = 0x12
                    0x0012                  _WREG9 = 0x12
                    0x0014                  WREG10 = 0x14
                    0x0014                  _WREG10 = 0x14
                    0x0016                  WREG11 = 0x16
                    0x0016                  _WREG11 = 0x16
                    0x0018                  WREG12 = 0x18
                    0x0018                  _WREG12 = 0x18
                    0x001a                  WREG13 = 0x1a
                    0x001a                  _WREG13 = 0x1a
                    0x001c                  WREG14 = 0x1c
                    0x001c                  _WREG14 = 0x1c
                    0x001e                  WREG15 = 0x1e
                    0x001e                  _WREG15 = 0x1e
                    0x0020                  SPLIM = 0x20
                    0x0020                  _SPLIM = 0x20
                    0x002e                  PCL = 0x2e
                    0x002e                  _PCL = 0x2e
                    0x0030                  PCH = 0x30
                    0x0030                  _PCH = 0x30
                    0x0032                  TBLPAG = 0x32
                    0x0032                  _TBLPAG = 0x32
                    0x0034                  PSVPAG = 0x34
                    0x0034                  _PSVPAG = 0x34
                    0x0036                  RCOUNT = 0x36
                    0x0036                  _RCOUNT = 0x36
                    0x0042                  SR = 0x42
                    0x0042                  _SR = 0x42
                    0x0042                  _SRbits = 0x42
                    0x0044                  CORCON = 0x44
                    0x0044                  _CORCON = 0x44
                    0x0044                  _CORCONbits = 0x44
                    0x0052                  DISICNT = 0x52
                    0x0052                  _DISICNT = 0x52
                    0x0060                  CNEN1 = 0x60
                    0x0060                  _CNEN1 = 0x60
                    0x0060                  _CNEN1bits = 0x60
                    0x0062                  CNEN2 = 0x62
                    0x0062                  _CNEN2 = 0x62
                    0x0062                  _CNEN2bits = 0x62
                    0x0068                  CNPU1 = 0x68
                    0x0068                  _CNPU1 = 0x68
                    0x0068                  _CNPU1bits = 0x68
                    0x006a                  CNPU2 = 0x6a
                    0x006a                  _CNPU2 = 0x6a
                    0x006a                  _CNPU2bits = 0x6a
                    0x0070                  CNPD1 = 0x70
                    0x0070                  _CNPD1 = 0x70
                    0x0070                  _CNPD1bits = 0x70
                    0x0072                  CNPD2 = 0x72
                    0x0072                  _CNPD2 = 0x72
                    0x0072                  _CNPD2bits = 0x72
                    0x0080                  INTCON1 = 0x80
                    0x0080                  _INTCON1 = 0x80
                    0x0080                  _INTCON1bits = 0x80
                    0x0082                  INTCON2 = 0x82
                    0x0082                  _INTCON2 = 0x82
                    0x0082                  _INTCON2bits = 0x82
                    0x0084                  IFS0 = 0x84
                    0x0084                  _IFS0 = 0x84
                    0x0084                  _IFS0bits = 0x84
                    0x0086                  IFS1 = 0x86
                    0x0086                  _IFS1 = 0x86
                    0x0086                  _IFS1bits = 0x86
                    0x008a                  IFS3 = 0x8a
                    0x008a                  _IFS3 = 0x8a
                    0x008a                  _IFS3bits = 0x8a
                    0x008c                  IFS4 = 0x8c
                    0x008c                  _IFS4 = 0x8c
                    0x008c                  _IFS4bits = 0x8c
                    0x0094                  IEC0 = 0x94
                    0x0094                  _IEC0 = 0x94
                    0x0094                  _IEC0bits = 0x94
                    0x0096                  IEC1 = 0x96
                    0x0096                  _IEC1 = 0x96
                    0x0096                  _IEC1bits = 0x96
                    0x009a                  IEC3 = 0x9a
                    0x009a                  _IEC3 = 0x9a
                    0x009a                  _IEC3bits = 0x9a
                    0x009c                  IEC4 = 0x9c
                    0x009c                  _IEC4 = 0x9c
                    0x009c                  _IEC4bits = 0x9c
                    0x00a4                  IPC0 = 0xa4
                    0x00a4                  _IPC0 = 0xa4
                    0x00a4                  _IPC0bits = 0xa4
                    0x00a6                  IPC1 = 0xa6
                    0x00a6                  _IPC1 = 0xa6
                    0x00a6                  _IPC1bits = 0xa6
                    0x00a8                  IPC2 = 0xa8
                    0x00a8                  _IPC2 = 0xa8
                    0x00a8                  _IPC2bits = 0xa8
                    0x00aa                  IPC3 = 0xaa
                    0x00aa                  _IPC3 = 0xaa
                    0x00aa                  _IPC3bits = 0xaa
                    0x00ac                  IPC4 = 0xac
                    0x00ac                  _IPC4 = 0xac
                    0x00ac                  _IPC4bits = 0xac
                    0x00ae                  IPC5 = 0xae
                    0x00ae                  _IPC5 = 0xae
                    0x00ae                  _IPC5bits = 0xae
                    0x00b2                  IPC7 = 0xb2
                    0x00b2                  _IPC7 = 0xb2
                    0x00b2                  _IPC7bits = 0xb2
                    0x00c2                  IPC15 = 0xc2
                    0x00c2                  _IPC15 = 0xc2
                    0x00c2                  _IPC15bits = 0xc2
                    0x00c4                  IPC16 = 0xc4
                    0x00c4                  _IPC16 = 0xc4
                    0x00c4                  _IPC16bits = 0xc4
                    0x00c8                  IPC18 = 0xc8
                    0x00c8                  _IPC18 = 0xc8
                    0x00c8                  _IPC18bits = 0xc8
                    0x00ca                  IPC19 = 0xca
                    0x00ca                  _IPC19 = 0xca
                    0x00ca                  _IPC19bits = 0xca
                    0x00e0                  INTTREG = 0xe0
                    0x00e0                  _INTTREG = 0xe0
                    0x00e0                  _INTTREGbits = 0xe0
                    0x0100                  TMR1 = 0x100
                    0x0100                  _TMR1 = 0x100
                    0x0102                  PR1 = 0x102
                    0x0102                  _PR1 = 0x102
                    0x0104                  T1CON = 0x104
                    0x0104                  _T1CON = 0x104
                    0x0104                  _T1CONbits = 0x104
                    0x0106                  TMR2 = 0x106
                    0x0106                  _TMR2 = 0x106
                    0x0108                  TMR3HLD = 0x108
                    0x0108                  _TMR3HLD = 0x108
                    0x010a                  TMR3 = 0x10a
                    0x010a                  _TMR3 = 0x10a
                    0x010c                  PR2 = 0x10c
                    0x010c                  _PR2 = 0x10c
                    0x010e                  PR3 = 0x10e
                    0x010e                  _PR3 = 0x10e
                    0x0110                  T2CON = 0x110
                    0x0110                  _T2CON = 0x110
                    0x0110                  _T2CONbits = 0x110
                    0x0112                  T3CON = 0x112
                    0x0112                  _T3CON = 0x112
                    0x0112                  _T3CONbits = 0x112
                    0x0140                  IC1BUF = 0x140
                    0x0140                  _IC1BUF = 0x140
                    0x0142                  IC1CON = 0x142
                    0x0142                  _IC1CON = 0x142
                    0x0142                  _IC1CONbits = 0x142
                    0x0180                  OC1RS = 0x180
                    0x0180                  _OC1RS = 0x180
                    0x0182                  OC1R = 0x182
                    0x0182                  _OC1R = 0x182
                    0x0184                  OC1CON = 0x184
                    0x0184                  _OC1CON = 0x184
                    0x0184                  _OC1CONbits = 0x184
                    0x0200                  I2C1RCV = 0x200
                    0x0200                  _I2C1RCV = 0x200
                    0x0202                  I2C1TRN = 0x202
                    0x0202                  _I2C1TRN = 0x202
                    0x0204                  I2C1BRG = 0x204
                    0x0204                  _I2C1BRG = 0x204
                    0x0206                  I2C1CON = 0x206
                    0x0206                  _I2C1CON = 0x206
                    0x0206                  _I2C1CONbits = 0x206
                    0x0208                  I2C1STAT = 0x208
                    0x0208                  _I2C1STAT = 0x208
                    0x0208                  _I2C1STATbits = 0x208
                    0x020a                  I2C1ADD = 0x20a
                    0x020a                  _I2C1ADD = 0x20a
                    0x020c                  I2C1MSK = 0x20c
                    0x020c                  _I2C1MSK = 0x20c
                    0x020c                  _I2C1MSKbits = 0x20c
                    0x0220                  U1MODE = 0x220
                    0x0220                  _U1MODE = 0x220
                    0x0220                  _U1MODEbits = 0x220
                    0x0222                  U1STA = 0x222
                    0x0222                  _U1STA = 0x222
                    0x0222                  _U1STAbits = 0x222
                    0x0224                  U1TXREG = 0x224
                    0x0224                  _U1TXREG = 0x224
                    0x0226                  U1RXREG = 0x226
                    0x0226                  _U1RXREG = 0x226
                    0x0228                  U1BRG = 0x228
                    0x0228                  _U1BRG = 0x228
                    0x0230                  U2MODE = 0x230
                    0x0230                  _U2MODE = 0x230
                    0x0230                  _U2MODEbits = 0x230
                    0x0232                  U2STA = 0x232
                    0x0232                  _U2STA = 0x232
                    0x0232                  _U2STAbits = 0x232
                    0x0234                  U2TXREG = 0x234
                    0x0234                  _U2TXREG = 0x234
                    0x0236                  U2RXREG = 0x236
                    0x0236                  _U2RXREG = 0x236
                    0x0238                  U2BRG = 0x238
                    0x0238                  _U2BRG = 0x238
                    0x0240                  SPI1STAT = 0x240
                    0x0240                  _SPI1STAT = 0x240
                    0x0240                  _SPI1STATbits = 0x240
                    0x0242                  SPI1CON1 = 0x242
                    0x0242                  _SPI1CON1 = 0x242
                    0x0242                  _SPI1CON1bits = 0x242
                    0x0244                  SPI1CON2 = 0x244
                    0x0244                  _SPI1CON2 = 0x244
                    0x0244                  _SPI1CON2bits = 0x244
                    0x0248                  SPI1BUF = 0x248
                    0x0248                  _SPI1BUF = 0x248
                    0x02c0                  TRISA = 0x2c0
                    0x02c0                  _TRISA = 0x2c0
                    0x02c0                  _TRISAbits = 0x2c0
                    0x02c2                  PORTA = 0x2c2
                    0x02c2                  _PORTA = 0x2c2
                    0x02c2                  _PORTAbits = 0x2c2
                    0x02c4                  LATA = 0x2c4
                    0x02c4                  _LATA = 0x2c4
                    0x02c4                  _LATAbits = 0x2c4
                    0x02c6                  ODCA = 0x2c6
                    0x02c6                  _ODCA = 0x2c6
                    0x02c6                  _ODCAbits = 0x2c6
                    0x02c8                  TRISB = 0x2c8
                    0x02c8                  _TRISB = 0x2c8
                    0x02c8                  _TRISBbits = 0x2c8
                    0x02ca                  PORTB = 0x2ca
                    0x02ca                  _PORTB = 0x2ca
                    0x02ca                  _PORTBbits = 0x2ca
                    0x02cc                  LATB = 0x2cc
                    0x02cc                  _LATB = 0x2cc
                    0x02cc                  _LATBbits = 0x2cc
                    0x02ce                  ODCB = 0x2ce
                    0x02ce                  _ODCB = 0x2ce
                    0x02ce                  _ODCBbits = 0x2ce
                    0x02fc                  PADCFG1 = 0x2fc
                    0x02fc                  _PADCFG1 = 0x2fc
                    0x02fc                  _PADCFG1bits = 0x2fc
                    0x0300                  ADC1BUF0 = 0x300
                    0x0300                  _ADC1BUF0 = 0x300
                    0x0302                  ADC1BUF1 = 0x302
                    0x0302                  _ADC1BUF1 = 0x302
                    0x0304                  ADC1BUF2 = 0x304
                    0x0304                  _ADC1BUF2 = 0x304
                    0x0306                  ADC1BUF3 = 0x306
                    0x0306                  _ADC1BUF3 = 0x306
                    0x0308                  ADC1BUF4 = 0x308
                    0x0308                  _ADC1BUF4 = 0x308
                    0x030a                  ADC1BUF5 = 0x30a
                    0x030a                  _ADC1BUF5 = 0x30a
                    0x030c                  ADC1BUF6 = 0x30c
                    0x030c                  _ADC1BUF6 = 0x30c
                    0x030e                  ADC1BUF7 = 0x30e
                    0x030e                  _ADC1BUF7 = 0x30e
                    0x0310                  ADC1BUF8 = 0x310
                    0x0310                  _ADC1BUF8 = 0x310
                    0x0312                  ADC1BUF9 = 0x312
                    0x0312                  _ADC1BUF9 = 0x312
                    0x0314                  ADC1BUFA = 0x314
                    0x0314                  _ADC1BUFA = 0x314
                    0x0316                  ADC1BUFB = 0x316
                    0x0316                  _ADC1BUFB = 0x316
                    0x0318                  ADC1BUFC = 0x318
                    0x0318                  _ADC1BUFC = 0x318
                    0x031a                  ADC1BUFD = 0x31a
                    0x031a                  _ADC1BUFD = 0x31a
                    0x031c                  ADC1BUFE = 0x31c
                    0x031c                  _ADC1BUFE = 0x31c
                    0x031e                  ADC1BUFF = 0x31e
                    0x031e                  _ADC1BUFF = 0x31e
                    0x0320                  AD1CON1 = 0x320
                    0x0320                  _AD1CON1 = 0x320
                    0x0320                  _AD1CON1bits = 0x320
                    0x0322                  AD1CON2 = 0x322
                    0x0322                  _AD1CON2 = 0x322
                    0x0322                  _AD1CON2bits = 0x322
                    0x0324                  AD1CON3 = 0x324
                    0x0324                  _AD1CON3 = 0x324
                    0x0324                  _AD1CON3bits = 0x324
                    0x0328                  AD1CHS = 0x328
                    0x0328                  _AD1CHS = 0x328
                    0x0328                  _AD1CHSbits = 0x328
                    0x032c                  AD1PCFG = 0x32c
                    0x032c                  _AD1PCFG = 0x32c
                    0x032c                  _AD1PCFGbits = 0x32c
                    0x0330                  AD1CSSL = 0x330
                    0x0330                  _AD1CSSL = 0x330
                    0x0330                  _AD1CSSLbits = 0x330
                    0x033c                  CTMUCON = 0x33c
                    0x033c                  _CTMUCON = 0x33c
                    0x033c                  _CTMUCONbits = 0x33c
                    0x033e                  CTMUICON = 0x33e
                    0x033e                  _CTMUICON = 0x33e
                    0x033e                  _CTMUICONbits = 0x33e
                    0x0620                  ALRMVAL = 0x620
                    0x0620                  _ALRMVAL = 0x620
                    0x0622                  ALCFGRPT = 0x622
                    0x0622                  _ALCFGRPT = 0x622
                    0x0622                  _ALCFGRPTbits = 0x622
                    0x0624                  RTCVAL = 0x624
                    0x0624                  _RTCVAL = 0x624
                    0x0626                  RCFGCAL = 0x626
                    0x0626                  _RCFGCAL = 0x626
                    0x0626                  _RCFGCALbits = 0x626
                    0x0630                  CMSTAT = 0x630
                    0x0630                  _CMSTAT = 0x630
                    0x0630                  _CMSTATbits = 0x630
                    0x0632                  CVRCON = 0x632
                    0x0632                  _CVRCON = 0x632
                    0x0632                  _CVRCONbits = 0x632
                    0x0634                  CM1CON = 0x634
                    0x0634                  _CM1CON = 0x634
                    0x0634                  _CM1CONbits = 0x634
                    0x0636                  CM2CON = 0x636
                    0x0636                  _CM2CON = 0x636
                    0x0636                  _CM2CONbits = 0x636
                    0x0640                  CRCCON = 0x640
                    0x0640                  _CRCCON = 0x640
                    0x0640                  _CRCCONbits = 0x640
                    0x0642                  CRCXOR = 0x642
                    0x0642                  _CRCXOR = 0x642
                    0x0644                  CRCDAT = 0x644
                    0x0644                  _CRCDAT = 0x644
                    0x0646                  CRCWDAT = 0x646
                    0x0646                  _CRCWDAT = 0x646
                    0x0740                  RCON = 0x740
                    0x0740                  _RCON = 0x740
                    0x0740                  _RCONbits = 0x740
                    0x0742                  OSCCON = 0x742
                    0x0742                  _OSCCON = 0x742
                    0x0742                  _OSCCONbits = 0x742
                    0x0742                  OSCCONL = 0x742
                    0x0742                  _OSCCONL = 0x742
                    0x0743                  OSCCONH = 0x743
                    0x0743                  _OSCCONH = 0x743
                    0x0744                  CLKDIV = 0x744
                    0x0744                  _CLKDIV = 0x744
                    0x0744                  _CLKDIVbits = 0x744
                    0x0748                  OSCTUN = 0x748
                    0x0748                  _OSCTUN = 0x748
                    0x0748                  _OSCTUNbits = 0x748
                    0x074e                  REFOCON = 0x74e
                    0x074e                  _REFOCON = 0x74e
                    0x074e                  _REFOCONbits = 0x74e
                    0x0756                  HLVDCON = 0x756
                    0x0756                  _HLVDCON = 0x756
                    0x0756                  _HLVDCONbits = 0x756
                    0x0758                  DSCON = 0x758
                    0x0758                  _DSCON = 0x758
                    0x0758                  _DSCONbits = 0x758
                    0x075a                  DSWAKE = 0x75a
                    0x075a                  _DSWAKE = 0x75a
                    0x075a                  _DSWAKEbits = 0x75a
                    0x075a                  DSWSRC = 0x75a
                    0x075a                  _DSWSRC = 0x75a
                    0x075a                  _DSWSRCbits = 0x75a
                    0x075c                  DSGPR0 = 0x75c
                    0x075c                  _DSGPR0 = 0x75c
                    0x075e                  DSGPR1 = 0x75e
                    0x075e                  _DSGPR1 = 0x75e
                    0x0760                  NVMCON = 0x760
                    0x0760                  _NVMCON = 0x760
                    0x0760                  _NVMCONbits = 0x760
                    0x0766                  NVMKEY = 0x766
                    0x0766                  _NVMKEY = 0x766
                    0x0766                  _NVMKEYbits = 0x766
                    0x0770                  PMD1 = 0x770
                    0x0770                  _PMD1 = 0x770
                    0x0770                  _PMD1bits = 0x770
                    0x0772                  PMD2 = 0x772
                    0x0772                  _PMD2 = 0x772
                    0x0772                  _PMD2bits = 0x772
                    0x0774                  PMD3 = 0x774
                    0x0774                  _PMD3 = 0x774
                    0x0774                  _PMD3bits = 0x774
                    0x0776                  PMD4 = 0x776
                    0x0776                  _PMD4 = 0x776
                    0x0776                  _PMD4bits = 0x776
                    0x0140                  IC1 = 0x140
                    0x0140                  _IC1 = 0x140
                    0x0180                  OC1 = 0x180
                    0x0180                  _OC1 = 0x180
                    0x0240                  SPI1 = 0x240
                    0x0240                  _SPI1 = 0x240
                    0x0220                  UART1 = 0x220
                    0x0220                  _UART1 = 0x220
                    0x0230                  UART2 = 0x230
                    0x0230                  _UART2 = 0x230
START GROUP
LOAD /opt/microchip/xc16/v1.32/bin/bin/../../lib/liblega-pic30-elf.a
LOAD /opt/microchip/xc16/v1.32/bin/bin/../../lib/libm-elf.a
LOAD /opt/microchip/xc16/v1.32/bin/bin/../../lib/liblega-c-elf.a
END GROUP
OUTPUT(dist/default/production/SenseCap.X.production.elf elf32-pic30)
LOAD FGS
LOAD FBS
LOAD jump_table
LOAD default_isr
LOAD data_init

.debug_pubtypes
                  0x0000d8        0x65a
 .debug_pubtypes
                  0x0000d8         0xdc build/default/production/ADC.o
 .debug_pubtypes
                  0x0001b4         0x6d build/default/production/ChangeClk.o
 .debug_pubtypes
                  0x000221         0xb5 build/default/production/main.o
 .debug_pubtypes
                  0x0002d6        0x107 build/default/production/SenseCapApp.o
 .debug_pubtypes
                  0x0003dd         0x88 build/default/production/Timer2.o
 .debug_pubtypes
                  0x000465        0x106 build/default/production/UART.o
 .debug_pubtypes
                  0x00056b        0x10c build/default/production/Comparator.o
 .debug_pubtypes
                  0x000677         0x88 build/default/production/Timer1.o
 .debug_pubtypes
                  0x0006ff         0x33 build/default/production/CVref.o

__c30_signature
                  0x000732        0x162
 __c30_signature
                  0x000732          0x6 build/default/production/ADC.o
 __c30_signature
                  0x000738          0x6 build/default/production/ChangeClk.o
 __c30_signature
                  0x00073e          0x6 build/default/production/main.o
 __c30_signature
                  0x000744          0x6 build/default/production/SenseCapApp.o
 __c30_signature
                  0x00074a          0x6 build/default/production/Timer2.o
 __c30_signature
                  0x000750          0x6 build/default/production/UART.o
 __c30_signature
                  0x000756          0x6 build/default/production/Comparator.o
 __c30_signature
                  0x00075c          0x6 build/default/production/Timer1.o
 __c30_signature
                  0x000762          0x6 build/default/production/CVref.o
 __c30_signature
                  0x000768          0x6 /opt/microchip/xc16/v1.32/bin/bin/../../lib/liblega-pic30-elf.a(crt0_standard.o)
 __c30_signature
                  0x00076e          0x6 /opt/microchip/xc16/v1.32/bin/bin/../../lib/liblega-pic30-elf.a(data_init_standard.o)
 __c30_signature
                  0x000774          0x6 /opt/microchip/xc16/v1.32/bin/bin/../../lib/libm-elf.a(addsf3.eo)
 __c30_signature
                  0x00077a          0x6 /opt/microchip/xc16/v1.32/bin/bin/../../lib/libm-elf.a(divsf3.eo)
 __c30_signature
                  0x000780          0x6 /opt/microchip/xc16/v1.32/bin/bin/../../lib/libm-elf.a(feqltle.eo)
 __c30_signature
                  0x000786          0x6 /opt/microchip/xc16/v1.32/bin/bin/../../lib/libm-elf.a(fgtge.eo)
 __c30_signature
                  0x00078c          0x6 /opt/microchip/xc16/v1.32/bin/bin/../../lib/libm-elf.a(fixunssfsi.eo)
 __c30_signature
                  0x000792          0x6 /opt/microchip/xc16/v1.32/bin/bin/../../lib/libm-elf.a(floatunsisf.eo)
 __c30_signature
                  0x000798          0x6 /opt/microchip/xc16/v1.32/bin/bin/../../lib/libm-elf.a(fpack.eo)
 __c30_signature
                  0x00079e          0x6 /opt/microchip/xc16/v1.32/bin/bin/../../lib/libm-elf.a(funpack.eo)
 __c30_signature
                  0x0007a4          0x6 /opt/microchip/xc16/v1.32/bin/bin/../../lib/libm-elf.a(funpack2.eo)
 __c30_signature
                  0x0007aa          0x6 /opt/microchip/xc16/v1.32/bin/bin/../../lib/libm-elf.a(futil.eo)
 __c30_signature
                  0x0007b0          0x6 /opt/microchip/xc16/v1.32/bin/bin/../../lib/libm-elf.a(mulsf3.eo)
 __c30_signature
                  0x0007b6          0x6 /opt/microchip/xc16/v1.32/bin/bin/../../lib/libm-elf.a(fcompare.eo)
 __c30_signature
                  0x0007bc          0x6 /opt/microchip/xc16/v1.32/bin/bin/../../lib/libm-elf.a(floatundisf.eo)
 __c30_signature
                  0x0007c2          0x6 /opt/microchip/xc16/v1.32/bin/bin/../../lib/liblega-c-elf.a(strlen.XX_eo)
 __c30_signature
                  0x0007c8          0x6 /opt/microchip/xc16/v1.32/bin/bin/../../lib/liblega-c-elf.a(sprintf_fFs.XXeo)
 __c30_signature
                  0x0007ce          0x6 /opt/microchip/xc16/v1.32/bin/bin/../../lib/liblega-c-elf.a(xprintf_fFs.XXeo)
 __c30_signature
                  0x0007d4          0x6 /opt/microchip/xc16/v1.32/bin/bin/../../lib/liblega-c-elf.a(xputfld_fFs.XXeo)
 __c30_signature
                  0x0007da          0x6 /opt/microchip/xc16/v1.32/bin/bin/../../lib/liblega-c-elf.a(xldtob_fFs.XXeo)
 __c30_signature
                  0x0007e0          0x6 /opt/microchip/xc16/v1.32/bin/bin/../../lib/liblega-c-elf.a(xgenld_fFs.XXeo)
 __c30_signature
                  0x0007e6          0x6 /opt/microchip/xc16/v1.32/bin/bin/../../lib/liblega-c-elf.a(div.XX_eo)
 __c30_signature
                  0x0007ec          0x6 /opt/microchip/xc16/v1.32/bin/bin/../../lib/liblega-c-elf.a(ldiv.XX_eo)
 __c30_signature
                  0x0007f2          0x6 /opt/microchip/xc16/v1.32/bin/bin/../../lib/liblega-c-elf.a(memchr.XX_eo)
 __c30_signature
                  0x0007f8          0x6 /opt/microchip/xc16/v1.32/bin/bin/../../lib/liblega-c-elf.a(memcpy.XX_eo)
 __c30_signature
                  0x0007fe          0x6 /opt/microchip/xc16/v1.32/bin/bin/../../lib/liblega-c-elf.a(strchr.XX_eo)
 __c30_signature
                  0x000804          0x6 /opt/microchip/xc16/v1.32/bin/bin/../../lib/liblega-c-elf.a(xldunsca.XX_eo)
 __c30_signature
                  0x00080a          0x6 /opt/microchip/xc16/v1.32/bin/bin/../../lib/liblega-c-elf.a(xputtxt.XX_eo)
 __c30_signature
                  0x000810          0x6 /opt/microchip/xc16/v1.32/bin/bin/../../lib/liblega-c-elf.a(xvacopy.XX_eo)
 __c30_signature
                  0x000816          0x6 /opt/microchip/xc16/v1.32/bin/bin/../../lib/liblega-c-elf.a(xdnorm.XX_elo)
 __c30_signature
                  0x00081c          0x6 /opt/microchip/xc16/v1.32/bin/bin/../../lib/libm-elf.a(deqltle.eo)
 __c30_signature
                  0x000822          0x6 /opt/microchip/xc16/v1.32/bin/bin/../../lib/libm-elf.a(dgtge.eo)
 __c30_signature
                  0x000828          0x6 /opt/microchip/xc16/v1.32/bin/bin/../../lib/libm-elf.a(divdf3.eo)
 __c30_signature
                  0x00082e          0x6 /opt/microchip/xc16/v1.32/bin/bin/../../lib/libm-elf.a(divsi3.eo)
 __c30_signature
                  0x000834          0x6 /opt/microchip/xc16/v1.32/bin/bin/../../lib/libm-elf.a(dpack.eo)
 __c30_signature
                  0x00083a          0x6 /opt/microchip/xc16/v1.32/bin/bin/../../lib/libm-elf.a(dunpack2.eo)
 __c30_signature
                  0x000840          0x6 /opt/microchip/xc16/v1.32/bin/bin/../../lib/libm-elf.a(extendsfdf.eo)
 __c30_signature
                  0x000846          0x6 /opt/microchip/xc16/v1.32/bin/bin/../../lib/libm-elf.a(fixdfsi.eo)
 __c30_signature
                  0x00084c          0x6 /opt/microchip/xc16/v1.32/bin/bin/../../lib/libm-elf.a(floatsidf.eo)
 __c30_signature
                  0x000852          0x6 /opt/microchip/xc16/v1.32/bin/bin/../../lib/libm-elf.a(muldf3.eo)
 __c30_signature
                  0x000858          0x6 /opt/microchip/xc16/v1.32/bin/bin/../../lib/libm-elf.a(subdf3.eo)
 __c30_signature
                  0x00085e          0x6 /opt/microchip/xc16/v1.32/bin/bin/../../lib/libm-elf.a(udivsi3.eo)
 __c30_signature
                  0x000864          0x6 /opt/microchip/xc16/v1.32/bin/bin/../../lib/libm-elf.a(mulsi3.eo)
 __c30_signature
                  0x00086a          0x6 /opt/microchip/xc16/v1.32/bin/bin/../../lib/libm-elf.a(adddf3.eo)
 __c30_signature
                  0x000870          0x6 /opt/microchip/xc16/v1.32/bin/bin/../../lib/libm-elf.a(dcompare.eo)
 __c30_signature
                  0x000876          0x6 /opt/microchip/xc16/v1.32/bin/bin/../../lib/libm-elf.a(dpropagateNaN.eo)
 __c30_signature
                  0x00087c          0x6 /opt/microchip/xc16/v1.32/bin/bin/../../lib/libm-elf.a(dtype.eo)
 __c30_signature
                  0x000882          0x6 /opt/microchip/xc16/v1.32/bin/bin/../../lib/libm-elf.a(dunpack.eo)
 __c30_signature
                  0x000888          0x6 /opt/microchip/xc16/v1.32/bin/bin/../../lib/libm-elf.a(floatdidf.eo)
 __c30_signature
                  0x00088e          0x6 /opt/microchip/xc16/v1.32/bin/bin/../../lib/libm-elf.a(floatundidf.eo)

.nbss               0x0800         0x12
 .nbss              0x0800          0x6 build/default/production/SenseCapApp.o
                    0x0800                  _small_current
                    0x0802                  _units
 .nbss              0x0806          0x6 build/default/production/Comparator.o
                    0x0806                  _Time
                    0x080a                  _CompFlag
 .nbss              0x080c          0x4 build/default/production/main.o
                    0x080c                  _temp
                    0x080e                  _i
 .nbss              0x0810          0x2 build/default/production/UART.o
                    0x0810                  _clkval

.data               0x0812         0x74
 .data              0x0812         0x58 /opt/microchip/xc16/v1.32/bin/bin/../../lib/liblega-c-elf.a(xldtob_fFs.XXeo)
 .data              0x086a         0x1a /opt/microchip/xc16/v1.32/bin/bin/../../lib/liblega-c-elf.a(xprintf_fFs.XXeo)
 .data              0x0884          0x2 /opt/microchip/xc16/v1.32/bin/bin/../../lib/liblega-c-elf.a(xgenld_fFs.XXeo)

.ivt._ADC1Interrupt
                  0x00002e          0x2
 .ivt._ADC1Interrupt
                  0x00002e          0x2 build/default/production/ADC.o

.config_DSWDTEN
                  0xf80010          0x2
 .config_DSWDTEN
                  0xf80010          0x2 build/default/production/main.o

.config_BKBUG     0xf8000e          0x2
 .config_BKBUG    0xf8000e          0x2 build/default/production/main.o

.config_MCLRE     0xf8000c          0x2
 .config_MCLRE    0xf8000c          0x2 build/default/production/main.o

.config_FWDTEN    0xf8000a          0x2
 .config_FWDTEN
                  0xf8000a          0x2 build/default/production/main.o

.config_FCKSM     0xf80008          0x2
 .config_FCKSM    0xf80008          0x2 build/default/production/main.o

.config_IESO      0xf80006          0x2
 .config_IESO     0xf80006          0x2 build/default/production/main.o

.ivt._T3Interrupt
                  0x000024          0x2
 .ivt._T3Interrupt
                  0x000024          0x2 build/default/production/Timer2.o

.ivt._U2RXInterrupt
                  0x000050          0x2
 .ivt._U2RXInterrupt
                  0x000050          0x2 build/default/production/UART.o

.ivt._U2TXInterrupt
                  0x000052          0x2
 .ivt._U2TXInterrupt
                  0x000052          0x2 build/default/production/UART.o

.ivt._CompInterrupt
                  0x000038          0x2
 .ivt._CompInterrupt
                  0x000038          0x2 build/default/production/Comparator.o

.ivt._T1Interrupt
                  0x00001a          0x2
 .ivt._T1Interrupt
                  0x00001a          0x2 build/default/production/Timer1.o

.const              0x95b2         0x3e load address 0x0015b2  
 .const             0x95b2         0x3e build/default/production/main.o

.text             0x0015f0        0x50a
 .text            0x0015f0        0x19a build/default/production/UART.o
                  0x0015f0                  _InitUART2
                  0x001658                  _XmitUART2
                  0x001694                  _DispHex
                  0x0016f2                  _DispHex32
                  0x001760                  _DispDec
                  0x001768                  _DispString
 .text            0x00178a        0x18e build/default/production/CVref.o
                  0x00178a                  _CVREFInit
 .text            0x001918        0x154 build/default/production/SenseCapApp.o
                  0x001918                  _CTMUInit
                  0x001944                  _CurrentSourceOn
                  0x00197c                  _CurrentSourceOff
                  0x001986                  _findCapacitance
 .text            0x001a6c         0x8e build/default/production/main.o
                  0x001a6c                  _main

.dinit            0x001afa         0x7c
 .dinit           0x001afa         0x7c data_init

.text             0x001b76        0x14a
 .text            0x001b76         0x74 build/default/production/ChangeClk.o
                  0x001b76                  _NewClk
 .text            0x001bea         0x3e build/default/production/ADC.o
                  0x001bea                  _InitADC
                  0x001c06                  _do_ADC
                  0x001c14                  _ADC_to_Float
 .text            0x001c28         0x3e build/default/production/Timer1.o
                  0x001c28                  _InitTimer1
                  0x001c4a                  _delay_ms
 .text            0x001c66         0x3a build/default/production/Comparator.o
                  0x001c66                  _ComparatorInit
 .text            0x001ca0         0x20 build/default/production/Timer2.o
                  0x001ca0                  _InitTimer23
